[2026-04-25T14:37:57.649Z] SERVER BOOTED - LISTENING ON PORT 3000
----------------------------------
[2026-04-25T15:08:15.186Z] SERVER BOOTED - LISTENING ON PORT 3000
----------------------------------
[2026-04-26T10:47:56.414Z] SERVER BOOTED - LISTENING ON PORT 3000
----------------------------------
[2026-04-26T14:01:45.576Z] SERVER BOOTED - LISTENING ON PORT 3000
----------------------------------
[2026-04-26T17:59:54.117Z] SERVER BOOTED - LISTENING ON PORT 3000
----------------------------------
[2026-04-26T18:00:04.151Z] SERVER BOOTED - LISTENING ON PORT 3000
----------------------------------
[2026-04-26T18:23:45.838Z] SERVER BOOTED - LISTENING ON PORT 3000
----------------------------------
[2026-04-26T18:36:14.796Z] SERVER BOOTED - LISTENING ON PORT 3000
----------------------------------
[2026-04-26T18:36:28.290Z] SERVER BOOTED - LISTENING ON PORT 3000
----------------------------------
[2026-04-26T20:14:32.030Z] SERVER BOOTED - LISTENING ON PORT 3000
----------------------------------
[2026-04-26T22:38:17.999Z] SERVER BOOTED - LISTENING ON PORT 3000
----------------------------------
[2026-04-26T22:39:28.885Z] SERVER BOOTED - LISTENING ON PORT 3000
----------------------------------
[2026-04-26T22:41:18.809Z] SERVER BOOTED - LISTENING ON PORT 3000
----------------------------------
[2026-04-26T22:42:40.669Z] SERVER BOOTED - LISTENING ON PORT 3000
----------------------------------
[2026-04-26T22:45:34.353Z] SERVER BOOTED - LISTENING ON PORT 3000
----------------------------------
[2026-04-26T22:47:20.811Z] SERVER BOOTED - LISTENING ON PORT 3000
----------------------------------
[2026-04-28T15:37:48.340Z] SERVER BOOTED - LISTENING ON PORT 3000
----------------------------------
[2026-04-28T15:54:49.544Z] SERVER BOOTED - LISTENING ON PORT 3000
----------------------------------
[2026-04-28T15:57:27.989Z] [LOG] [SAERE] ErrorInterceptor booted with v7.0 Anonymizer.
SOURCE: console:?:?
STACK:
N/A
----------------------------------
[2026-04-28T15:57:28.014Z] [LOG] [HAM ENGINE] BOOTING APEX V4.0...
SOURCE: console:?:?
STACK:
N/A
----------------------------------
[2026-04-28T15:57:28.230Z] [LOG] [SAERE] ErrorInterceptor booted with v7.0 Anonymizer.
SOURCE: console:?:?
STACK:
N/A
----------------------------------
[2026-04-28T15:57:28.244Z] [LOG] [SAERE] ErrorInterceptor booted with v7.0 Anonymizer.
SOURCE: console:?:?
STACK:
N/A
----------------------------------
[2026-04-28T15:57:28.256Z] [LOG] [SecureVault] Initializing with dynamic entropy...
SOURCE: console:?:?
STACK:
N/A
----------------------------------
[2026-04-28T15:57:28.271Z] [LOG] [SecureVault] Initializing with dynamic entropy...
SOURCE: console:?:?
STACK:
N/A
----------------------------------
[2026-04-28T15:57:28.775Z] [WARN] THREE.THREE.Clock: This module has been deprecated. Please use THREE.Timer instead.
SOURCE: console:?:?
STACK:
N/A
----------------------------------
[2026-04-28T15:57:29.185Z] [WARN] THREE.THREE.Clock: This module has been deprecated. Please use THREE.Timer instead.
SOURCE: console:?:?
STACK:
N/A
----------------------------------
[2026-04-28T16:02:14.776Z] SERVER BOOTED - LISTENING ON PORT 3000
----------------------------------
[2026-04-28T16:04:41.697Z] SERVER BOOTED - LISTENING ON PORT 3000
----------------------------------
[2026-04-28T16:27:26.026Z] SERVER BOOTED - LISTENING ON PORT 3000
----------------------------------
[2026-04-28T16:30:47.455Z] SERVER BOOTED - LISTENING ON PORT 3000
----------------------------------
[2026-04-28T16:33:20.701Z] [LOG] [SAERE] ErrorInterceptor booted with v7.0 Anonymizer.
SOURCE: console:?:?
STACK:
N/A
----------------------------------
[2026-04-28T16:33:20.734Z] [LOG] [HAM ENGINE] BOOTING APEX V4.0...
SOURCE: console:?:?
STACK:
N/A
----------------------------------
[2026-04-28T16:33:21.229Z] [LOG] [SAERE] ErrorInterceptor booted with v7.0 Anonymizer.
SOURCE: console:?:?
STACK:
N/A
----------------------------------
[2026-04-28T16:33:21.236Z] [LOG] [SAERE] ErrorInterceptor booted with v7.0 Anonymizer.
SOURCE: console:?:?
STACK:
N/A
----------------------------------
[2026-04-28T16:33:21.388Z] [LOG] [SecureVault] Initializing with dynamic entropy...
SOURCE: console:?:?
STACK:
N/A
----------------------------------
[2026-04-28T16:33:21.458Z] [LOG] [SecureVault] Initializing with dynamic entropy...
SOURCE: console:?:?
STACK:
N/A
----------------------------------
[2026-04-28T16:33:22.237Z] [WARN] THREE.THREE.Clock: This module has been deprecated. Please use THREE.Timer instead.
SOURCE: console:?:?
STACK:
N/A
----------------------------------
[2026-04-28T16:33:22.342Z] [WARN] THREE.THREE.Clock: This module has been deprecated. Please use THREE.Timer instead.
SOURCE: console:?:?
STACK:
N/A
----------------------------------
[2026-04-28T16:53:51.756Z] SERVER BOOTED - LISTENING ON PORT 3000
----------------------------------
[2026-04-28T19:46:38.108Z] SERVER BOOTED - LISTENING ON PORT 3000
----------------------------------
[2026-04-28T19:52:24.393Z] [LOG] [HAM ENGINE] BOOTING APEX V4.0...
SOURCE: console:?:?
STACK:
N/A
----------------------------------
[2026-04-28T19:52:24.399Z] [LOG] [SAERE] ErrorInterceptor booted with v7.0 Anonymizer.
SOURCE: console:?:?
STACK:
N/A
----------------------------------
[2026-04-28T19:52:24.536Z] [LOG] [SAERE] ErrorInterceptor booted with v7.0 Anonymizer.
SOURCE: console:?:?
STACK:
N/A
----------------------------------
[2026-04-28T19:52:24.546Z] [LOG] [SAERE] ErrorInterceptor booted with v7.0 Anonymizer.
SOURCE: console:?:?
STACK:
N/A
----------------------------------
[2026-04-28T19:52:24.549Z] [LOG] [SecureVault] Initializing with dynamic entropy...
SOURCE: console:?:?
STACK:
N/A
----------------------------------
[2026-04-28T19:52:24.553Z] [LOG] [SecureVault] Initializing with dynamic entropy...
SOURCE: console:?:?
STACK:
N/A
----------------------------------
[2026-04-28T20:17:36.737Z] SERVER BOOTED - LISTENING ON PORT 3000
----------------------------------
[2026-04-28T20:19:57.642Z] [LOG] [SAERE] ErrorInterceptor booted with v7.0 Anonymizer.
SOURCE: console:?:?
STACK:
N/A
----------------------------------
[2026-04-28T20:19:57.648Z] [LOG] [HAM ENGINE] BOOTING APEX V4.0...
SOURCE: console:?:?
STACK:
N/A
----------------------------------
[2026-04-28T20:19:58.276Z] [LOG] [SAERE] ErrorInterceptor booted with v7.0 Anonymizer.
SOURCE: console:?:?
STACK:
N/A
----------------------------------
[2026-04-28T20:19:58.477Z] [LOG] [SecureVault] Initializing with dynamic entropy...
SOURCE: console:?:?
STACK:
N/A
----------------------------------
[2026-04-28T20:19:58.482Z] [LOG] [SAERE] ErrorInterceptor booted with v7.0 Anonymizer.
SOURCE: console:?:?
STACK:
N/A
----------------------------------
[2026-04-28T20:19:58.553Z] [LOG] [SecureVault] Initializing with dynamic entropy...
SOURCE: console:?:?
STACK:
N/A
----------------------------------
[2026-04-28T20:19:59.704Z] [WARN] THREE.THREE.Clock: This module has been deprecated. Please use THREE.Timer instead.
SOURCE: console:?:?
STACK:
N/A
----------------------------------
[2026-04-28T20:19:59.711Z] [WARN] THREE.THREE.Clock: This module has been deprecated. Please use THREE.Timer instead.
SOURCE: console:?:?
STACK:
N/A
----------------------------------
[2026-04-28T20:45:57.191Z] SERVER BOOTED - LISTENING ON PORT 3000
----------------------------------
[2026-04-28T20:46:09.895Z] [LOG] [SAERE] ErrorInterceptor booted with v7.0 Anonymizer.
SOURCE: console:?:?
STACK:
N/A
----------------------------------
[2026-04-28T20:46:09.898Z] [LOG] [HAM ENGINE] BOOTING APEX V4.0...
SOURCE: console:?:?
STACK:
N/A
----------------------------------
[2026-04-28T20:46:11.255Z] [LOG] [SAERE] ErrorInterceptor booted with v7.0 Anonymizer.
SOURCE: console:?:?
STACK:
N/A
----------------------------------
[2026-04-28T20:46:11.268Z] [LOG] [SAERE] ErrorInterceptor booted with v7.0 Anonymizer.
SOURCE: console:?:?
STACK:
N/A
----------------------------------
[2026-04-28T20:46:11.287Z] [LOG] [SecureVault] Initializing with dynamic entropy...
SOURCE: console:?:?
STACK:
N/A
----------------------------------
[2026-04-28T20:46:11.293Z] [LOG] [SecureVault] Initializing with dynamic entropy...
SOURCE: console:?:?
STACK:
N/A
----------------------------------
[2026-04-28T20:46:11.499Z] [WARN] THREE.THREE.Clock: This module has been deprecated. Please use THREE.Timer instead.
SOURCE: console:?:?
STACK:
N/A
----------------------------------
[2026-04-28T20:46:11.525Z] [WARN] THREE.THREE.Clock: This module has been deprecated. Please use THREE.Timer instead.
SOURCE: console:?:?
STACK:
N/A
----------------------------------
[2026-04-28T20:46:48.633Z] SERVER BOOTED - LISTENING ON PORT 3000
----------------------------------
[2026-04-28T20:46:55.291Z] [LOG] [SAERE] ErrorInterceptor booted with v7.0 Anonymizer.
SOURCE: console:?:?
STACK:
N/A
----------------------------------
[2026-04-28T20:46:55.303Z] [LOG] [HAM ENGINE] BOOTING APEX V4.0...
SOURCE: console:?:?
STACK:
N/A
----------------------------------
[2026-04-28T20:46:55.427Z] [LOG] [SAERE] ErrorInterceptor booted with v7.0 Anonymizer.
SOURCE: console:?:?
STACK:
N/A
----------------------------------
[2026-04-28T20:46:55.435Z] [LOG] [SAERE] ErrorInterceptor booted with v7.0 Anonymizer.
SOURCE: console:?:?
STACK:
N/A
----------------------------------
[2026-04-28T20:46:55.438Z] [LOG] [SecureVault] Initializing with dynamic entropy...
SOURCE: console:?:?
STACK:
N/A
----------------------------------
[2026-04-28T20:46:55.441Z] [LOG] [SecureVault] Initializing with dynamic entropy...
SOURCE: console:?:?
STACK:
N/A
----------------------------------
[2026-04-28T20:46:55.659Z] [WARN] THREE.THREE.Clock: This module has been deprecated. Please use THREE.Timer instead.
SOURCE: console:?:?
STACK:
N/A
----------------------------------
[2026-04-28T20:46:55.663Z] [WARN] THREE.THREE.Clock: This module has been deprecated. Please use THREE.Timer instead.
SOURCE: console:?:?
STACK:
N/A
----------------------------------
[2026-04-28T20:48:31.983Z] SERVER BOOTED - LISTENING ON PORT 3000
----------------------------------
[2026-04-28T20:48:39.352Z] [LOG] [HAM ENGINE] BOOTING APEX V4.0...
SOURCE: console:?:?
STACK:
N/A
----------------------------------
[2026-04-28T20:48:39.358Z] [LOG] [SAERE] ErrorInterceptor booted with v7.0 Anonymizer.
SOURCE: console:?:?
STACK:
N/A
----------------------------------
[2026-04-28T20:48:39.610Z] [LOG] [SAERE] ErrorInterceptor booted with v7.0 Anonymizer.
SOURCE: console:?:?
STACK:
N/A
----------------------------------
[2026-04-28T20:48:39.616Z] [LOG] [SAERE] ErrorInterceptor booted with v7.0 Anonymizer.
SOURCE: console:?:?
STACK:
N/A
----------------------------------
[2026-04-28T20:48:39.619Z] [LOG] [SecureVault] Initializing with dynamic entropy...
SOURCE: console:?:?
STACK:
N/A
----------------------------------
[2026-04-28T20:48:39.624Z] [LOG] [SecureVault] Initializing with dynamic entropy...
SOURCE: console:?:?
STACK:
N/A
----------------------------------
[2026-04-28T20:48:40.473Z] [WARN] THREE.THREE.Clock: This module has been deprecated. Please use THREE.Timer instead.
SOURCE: console:?:?
STACK:
N/A
----------------------------------
[2026-04-28T20:48:40.656Z] [WARN] THREE.THREE.Clock: This module has been deprecated. Please use THREE.Timer instead.
SOURCE: console:?:?
STACK:
N/A
----------------------------------
[2026-04-28T20:52:21.019Z] SERVER BOOTED - LISTENING ON PORT 3000
----------------------------------
[2026-04-28T20:52:28.283Z] [LOG] [SAERE] ErrorInterceptor booted with v7.0 Anonymizer.
SOURCE: console:?:?
STACK:
N/A
----------------------------------
[2026-04-28T20:52:28.295Z] [LOG] [HAM ENGINE] BOOTING APEX V4.0...
SOURCE: console:?:?
STACK:
N/A
----------------------------------
[2026-04-28T20:52:28.464Z] [LOG] [SAERE] ErrorInterceptor booted with v7.0 Anonymizer.
SOURCE: console:?:?
STACK:
N/A
----------------------------------
[2026-04-28T20:52:28.473Z] [LOG] [SAERE] ErrorInterceptor booted with v7.0 Anonymizer.
SOURCE: console:?:?
STACK:
N/A
----------------------------------
[2026-04-28T20:52:28.475Z] [LOG] [SecureVault] Initializing with dynamic entropy...
SOURCE: console:?:?
STACK:
N/A
----------------------------------
[2026-04-28T20:52:28.481Z] [LOG] [SecureVault] Initializing with dynamic entropy...
SOURCE: console:?:?
STACK:
N/A
----------------------------------
[2026-04-28T20:52:28.711Z] [WARN] THREE.THREE.Clock: This module has been deprecated. Please use THREE.Timer instead.
SOURCE: console:?:?
STACK:
N/A
----------------------------------
[2026-04-28T20:52:28.715Z] [WARN] THREE.THREE.Clock: This module has been deprecated. Please use THREE.Timer instead.
SOURCE: console:?:?
STACK:
N/A
----------------------------------
[2026-04-28T20:52:29.881Z] [LOG] [ModelManager] Initializing all engines concurrently...
SOURCE: console:?:?
STACK:
N/A
----------------------------------
[2026-04-28T20:52:29.893Z] [LOG] [ModelManager] Initializing all engines concurrently...
SOURCE: console:?:?
STACK:
N/A
----------------------------------
[2026-04-28T20:52:29.941Z] [WARN] [VFS] SharedArrayBuffer is not defined. Zero-copy context is disabled. 
SOURCE: console:?:?
STACK:
N/A
----------------------------------
[2026-04-28T20:52:29.988Z] [WARN] -------------- RxDB Open Core RxStorage -------------------------------
You are using the free Dexie.js based RxStorage implementation from RxDB https://rxdb.info/rx-storage-dexie.html?console=dexie 
While this is a great option, we want to let you know that there are faster storage solutions available in our premium plugins.
For professional users and production environments, we highly recommend considering these premium options to enhance performance and reliability.
 https://rxdb.info/premium/?console=dexie 
If you already purchased premium access you can disable this log by calling the setPremiumFlag() function from rxdb-premium/plugins/shared.
---------------------------------------------------------------------
SOURCE: console:?:?
STACK:
N/A
----------------------------------
[2026-04-28T20:52:30.019Z] [WARN] -------------- RxDB Open Core RxStorage -------------------------------
You are using the free Dexie.js based RxStorage implementation from RxDB https://rxdb.info/rx-storage-dexie.html?console=dexie 
While this is a great option, we want to let you know that there are faster storage solutions available in our premium plugins.
For professional users and production environments, we highly recommend considering these premium options to enhance performance and reliability.
 https://rxdb.info/premium/?console=dexie 
If you already purchased premium access you can disable this log by calling the setPremiumFlag() function from rxdb-premium/plugins/shared.
---------------------------------------------------------------------
SOURCE: console:?:?
STACK:
N/A
----------------------------------
[2026-04-28T20:52:30.061Z] [WARN] [VFS] SharedArrayBuffer is not defined. Zero-copy context is disabled. 
SOURCE: console:?:?
STACK:
N/A
----------------------------------
[2026-04-28T20:52:31.026Z] [LOG] [ModelManager] First engine ready: Sang Komunikator. Set as default.
SOURCE: console:?:?
STACK:
N/A
----------------------------------
[2026-04-28T20:52:31.082Z] [LOG] [ModelManager] First engine ready: Sang Komunikator. Set as default.
SOURCE: console:?:?
STACK:
N/A
----------------------------------
[2026-04-28T20:52:31.160Z] [LOG] [ModelManager] At least one engine is ready. Splash screen can proceed.
SOURCE: console:?:?
STACK:
N/A
----------------------------------
[2026-04-28T20:52:31.190Z] [LOG] [ModelManager] At least one engine is ready. Splash screen can proceed.
SOURCE: console:?:?
STACK:
N/A
----------------------------------
[2026-04-28T20:52:31.213Z] [LOG] 🚀 [SAERE_IGNITION] Starting Singularity Ignition Sequence...
SOURCE: console:?:?
STACK:
N/A
----------------------------------
[2026-04-28T20:52:31.355Z] [LOG] 🚀 [SAERE_IGNITION] Starting Singularity Ignition Sequence...
SOURCE: console:?:?
STACK:
N/A
----------------------------------
[2026-04-28T20:52:31.376Z] [LOG] 🧪 [TEST] HMR Death Loop Protection...
SOURCE: console:?:?
STACK:
N/A
----------------------------------
[2026-04-28T20:52:31.395Z] [LOG] 🧪 [TEST] HMR Death Loop Protection...
SOURCE: console:?:?
STACK:
N/A
----------------------------------
[2026-04-28T20:52:31.416Z] [WARN] ⚠️ HMR Pause not detected in simulation.
SOURCE: console:?:?
STACK:
N/A
----------------------------------
[2026-04-28T20:52:31.449Z] [LOG] 🧪 [TEST] Offline Heuristic Resolution...
SOURCE: console:?:?
STACK:
N/A
----------------------------------
[2026-04-28T20:52:31.475Z] [WARN] ⚠️ HMR Pause not detected in simulation.
SOURCE: console:?:?
STACK:
N/A
----------------------------------
[2026-04-28T20:52:31.504Z] [LOG] 🧪 [TEST] Offline Heuristic Resolution...
SOURCE: console:?:?
STACK:
N/A
----------------------------------
[2026-04-28T20:52:31.610Z] [LOG] [SAERE_LOG] [MANUAL_APPEND] .saere/core_memory.txt: SYSTEM_INIT_1777409551085
SOURCE: console:?:?
STACK:
N/A
----------------------------------
[2026-04-28T20:52:31.650Z] [LOG] ✔️ Fetch failed as expected (Offline).
SOURCE: console:?:?
STACK:
N/A
----------------------------------
[2026-04-28T20:52:31.698Z] [LOG] ✔️ Fetch failed as expected (Offline).
SOURCE: console:?:?
STACK:
N/A
----------------------------------
[2026-04-28T20:52:31.732Z] [LOG] ✔️ Offline Heuristic Test Complete.
SOURCE: console:?:?
STACK:
N/A
----------------------------------
[2026-04-28T20:52:31.766Z] [LOG] ✔️ Offline Heuristic Test Complete.
SOURCE: console:?:?
STACK:
N/A
----------------------------------
[2026-04-28T20:52:31.781Z] [LOG] 🧪 [TEST] OOM & Spam Protection...
SOURCE: console:?:?
STACK:
N/A
----------------------------------
[2026-04-28T20:52:31.804Z] [LOG] ✔️ Error Spam Injected. CircuitMaster monitoring active.
SOURCE: console:?:?
STACK:
N/A
----------------------------------
[2026-04-28T20:52:31.959Z] [LOG] 🧪 [TEST] OOM & Spam Protection...
SOURCE: console:?:?
STACK:
N/A
----------------------------------
[2026-04-28T20:52:32.161Z] [LOG] ✔️ Error Spam Injected. CircuitMaster monitoring active.
SOURCE: console:?:?
STACK:
N/A
----------------------------------
[2026-04-28T20:52:32.210Z] [LOG] ✔️ UI Sync Test Dispatched.
SOURCE: console:?:?
STACK:
N/A
----------------------------------
[2026-04-28T20:52:32.251Z] [LOG] 🧪 [TEST] UI/UX Sync & Persistence...
SOURCE: console:?:?
STACK:
N/A
----------------------------------
[2026-04-28T20:52:32.424Z] [LOG] ✔️ UI Sync Test Dispatched.
SOURCE: console:?:?
STACK:
N/A
----------------------------------
[2026-04-28T20:52:32.471Z] [LOG] ✅ [SAERE_IGNITION] All Phase 3 Validations Passed.
SOURCE: console:?:?
STACK:
N/A
----------------------------------
[2026-04-28T20:52:32.564Z] [LOG] 🧪 [TEST] UI/UX Sync & Persistence...
SOURCE: console:?:?
STACK:
N/A
----------------------------------
[2026-04-28T20:52:32.632Z] [LOG] ✅ [SAERE_IGNITION] All Phase 3 Validations Passed.
SOURCE: console:?:?
STACK:
N/A
----------------------------------
[2026-04-28T20:52:32.731Z] [LOG] [SAERE_LOG] [MANUAL_APPEND] .saere/core_memory.txt: SYSTEM_INIT_1777409551085
SOURCE: console:?:?
STACK:
N/A
----------------------------------
[2026-04-28T20:52:38.115Z] [WARN] [App] Cross-Origin Isolation required for WebContainer
SOURCE: console:?:?
STACK:
N/A
----------------------------------
[2026-04-28T20:52:38.130Z] [WARN] [App] Cross-Origin Isolation required for WebContainer
SOURCE: console:?:?
STACK:
N/A
----------------------------------
[2026-04-28T20:52:38.204Z] [LOG] [ModelManager] Installing queued models in background...
SOURCE: console:?:?
STACK:
N/A
----------------------------------
[2026-04-28T20:52:38.297Z] [ERROR] Unhandled Promise Rejection: TypeError: Cannot read properties of undefined (reading 'length')
TypeError: Cannot read properties of undefined (reading 'length')
    at https://fictional-sniffle-xr4ppx4gx4whgxp-3000.app.github.dev/src/services/vfsService.ts:369:21
    at async VFSService.lock (https://fictional-sniffle-xr4ppx4gx4whgxp-3000.app.github.dev/src/services/vfsService.ts:177:14)
SOURCE: console:?:?
STACK:
N/A
----------------------------------
[2026-04-28T20:52:38.399Z] Unhandled Rejection: TypeError: Cannot read properties of undefined (reading 'length')
SOURCE: unhandledrejection:?:?
STACK:
TypeError: Cannot read properties of undefined (reading 'length')
    at https://fictional-sniffle-xr4ppx4gx4whgxp-3000.app.github.dev/src/services/vfsService.ts:369:21
    at async VFSService.lock (https://fictional-sniffle-xr4ppx4gx4whgxp-3000.app.github.dev/src/services/vfsService.ts:177:14)
----------------------------------
[2026-04-28T20:52:38.450Z] [LOG] [ModelManager] Installing queued models in background...
SOURCE: console:?:?
STACK:
N/A
----------------------------------
[2026-04-28T20:52:38.647Z] [ERROR] [UNHANDLED_REJECTION] TypeError: Cannot read properties of undefined (reading 'length')
TypeError: Cannot read properties of undefined (reading 'length')
    at https://fictional-sniffle-xr4ppx4gx4whgxp-3000.app.github.dev/src/services/vfsService.ts:369:21
    at async VFSService.lock (https://fictional-sniffle-xr4ppx4gx4whgxp-3000.app.github.dev/src/services/vfsService.ts:177:14)
SOURCE: console:?:?
STACK:
N/A
----------------------------------
[2026-04-28T20:52:38.689Z] [LOG] [SAERE_LOG] [2026-04-28T20:52:38.241Z] [CIRCUIT_FAILURE] [HASH:24f5f979] {"errorSignature":"OFFLINE_FETCH_ERROR","count":1}
SOURCE: console:?:?
STACK:
N/A
----------------------------------
[2026-04-28T20:52:38.707Z] [LOG] [SAERE_LOG] [2026-04-28T20:52:38.241Z] [CIRCUIT_FAILURE] [HASH:24f5f979] {"errorSignature":"OFFLINE_FETCH_ERROR","count":1}
SOURCE: console:?:?
STACK:
N/A
----------------------------------
[2026-04-28T20:52:38.894Z] [LOG] [SAERE_LOG] [2026-04-28T20:52:38.770Z] [CIRCUIT_FAILURE] [HASH:b76a806a] {"errorSignature":"SPAM_ERROR_0","count":1}
SOURCE: console:?:?
STACK:
N/A
----------------------------------
[2026-04-28T20:52:38.914Z] [LOG] [SAERE_LOG] [2026-04-28T20:52:38.770Z] [CIRCUIT_FAILURE] [HASH:b76a806a] {"errorSignature":"SPAM_ERROR_0","count":1}
SOURCE: console:?:?
STACK:
N/A
----------------------------------
[2026-04-28T20:52:39.514Z] [ERROR] [SAERE_PROXY] Failed to write log to error_log.md TypeError: Cannot read properties of undefined (reading 'length')
TypeError: Cannot read properties of undefined (reading 'length')
    at https://fictional-sniffle-xr4ppx4gx4whgxp-3000.app.github.dev/src/services/vfsService.ts:369:21
    at async VFSService.lock (https://fictional-sniffle-xr4ppx4gx4whgxp-3000.app.github.dev/src/services/vfsService.ts:177:14)
SOURCE: console:?:?
STACK:
N/A
----------------------------------
[2026-04-28T20:52:39.611Z] [LOG] [SAERE_LOG] [2026-04-28T20:52:39.226Z] [CIRCUIT_FAILURE] [HASH:252838da] {"errorSignature":"SPAM_ERROR_1","count":1}
SOURCE: console:?:?
STACK:
N/A
----------------------------------
[2026-04-28T20:52:39.644Z] [LOG] [SAERE_LOG] [2026-04-28T20:52:39.299Z] [CIRCUIT_FAILURE] [HASH:7acc3a3e] {"errorSignature":"SPAM_ERROR_2","count":1}
SOURCE: console:?:?
STACK:
N/A
----------------------------------
[2026-04-28T20:52:39.692Z] [LOG] [SAERE_LOG] [2026-04-28T20:52:39.299Z] [CIRCUIT_FAILURE] [HASH:7acc3a3e] {"errorSignature":"SPAM_ERROR_2","count":1}
SOURCE: console:?:?
STACK:
N/A
----------------------------------
[2026-04-28T20:52:39.789Z] [LOG] [SAERE_LOG] [2026-04-28T20:52:39.226Z] [CIRCUIT_FAILURE] [HASH:252838da] {"errorSignature":"SPAM_ERROR_1","count":1}
SOURCE: console:?:?
STACK:
N/A
----------------------------------
[2026-04-28T20:52:39.961Z] [LOG] [SAERE_LOG] [2026-04-28T20:52:39.772Z] [CIRCUIT_FAILURE] [HASH:3c631f68] {"errorSignature":"SPAM_ERROR_3","count":1}
SOURCE: console:?:?
STACK:
N/A
----------------------------------
[2026-04-28T20:52:40.006Z] [LOG] [SAERE_LOG] [2026-04-28T20:52:39.772Z] [CIRCUIT_FAILURE] [HASH:3c631f68] {"errorSignature":"SPAM_ERROR_3","count":1}
SOURCE: console:?:?
STACK:
N/A
----------------------------------
[2026-04-28T20:52:40.035Z] [LOG] [SAERE_LOG] [EVOLUTION_PROPOSAL] 
## Evolution Proposal [2026-04-28T20:52:39.806Z]
**Trigger:** 5 failures on category: "worker_fatal"
**Proposal:** {}
---

SOURCE: console:?:?
STACK:
N/A
----------------------------------
[2026-04-28T20:52:40.068Z] [LOG] [SAERE_LOG] [EVOLUTION_PROPOSAL] 
## Evolution Proposal [2026-04-28T20:52:39.806Z]
**Trigger:** 5 failures on category: "worker_fatal"
**Proposal:** {}
---

SOURCE: console:?:?
STACK:
N/A
----------------------------------
[2026-04-28T20:52:40.093Z] [LOG] [SAERE_LOG] [2026-04-28T20:52:39.824Z] [CIRCUIT_FAILURE] [HASH:c47f21b7] {"errorSignature":"SPAM_ERROR_4","count":1}
SOURCE: console:?:?
STACK:
N/A
----------------------------------
[2026-04-28T20:52:40.128Z] [LOG] [SAERE_LOG] [2026-04-28T20:52:39.824Z] [CIRCUIT_FAILURE] [HASH:c47f21b7] {"errorSignature":"SPAM_ERROR_4","count":1}
SOURCE: console:?:?
STACK:
N/A
----------------------------------
[2026-04-28T20:52:40.417Z] [LOG] [SAERE_LOG] [2026-04-28T20:52:40.309Z] [CIRCUIT_FAILURE] [HASH:656ebf53] {"errorSignature":"SPAM_ERROR_5","count":1}
SOURCE: console:?:?
STACK:
N/A
----------------------------------
[2026-04-28T20:52:40.445Z] [LOG] [SAERE_LOG] [2026-04-28T20:52:40.309Z] [CIRCUIT_FAILURE] [HASH:656ebf53] {"errorSignature":"SPAM_ERROR_5","count":1}
SOURCE: console:?:?
STACK:
N/A
----------------------------------
[2026-04-28T20:52:40.495Z] [LOG] [SAERE_LOG] [2026-04-28T20:52:40.353Z] [CIRCUIT_FAILURE] [HASH:ac38859b] {"errorSignature":"SPAM_ERROR_6","count":1}
SOURCE: console:?:?
STACK:
N/A
----------------------------------
[2026-04-28T20:52:40.525Z] [LOG] [SAERE_LOG] [2026-04-28T20:52:40.353Z] [CIRCUIT_FAILURE] [HASH:ac38859b] {"errorSignature":"SPAM_ERROR_6","count":1}
SOURCE: console:?:?
STACK:
N/A
----------------------------------
[2026-04-28T20:52:41.040Z] [LOG] [SAERE_LOG] [2026-04-28T20:52:40.855Z] [CIRCUIT_FAILURE] [HASH:29ccfc40] {"errorSignature":"SPAM_ERROR_7","count":1}
SOURCE: console:?:?
STACK:
N/A
----------------------------------
[2026-04-28T20:52:41.045Z] [LOG] [SAERE_LOG] [2026-04-28T20:52:40.855Z] [CIRCUIT_FAILURE] [HASH:29ccfc40] {"errorSignature":"SPAM_ERROR_7","count":1}
SOURCE: console:?:?
STACK:
N/A
----------------------------------
[2026-04-28T20:52:41.090Z] [LOG] [SAERE_LOG] [2026-04-28T20:52:40.895Z] [CIRCUIT_FAILURE] [HASH:b29dd7ff] {"errorSignature":"SPAM_ERROR_8","count":1}
SOURCE: console:?:?
STACK:
N/A
----------------------------------
[2026-04-28T20:52:41.099Z] [LOG] [SAERE_LOG] [2026-04-28T20:52:40.895Z] [CIRCUIT_FAILURE] [HASH:b29dd7ff] {"errorSignature":"SPAM_ERROR_8","count":1}
SOURCE: console:?:?
STACK:
N/A
----------------------------------
[2026-04-28T20:52:41.125Z] [LOG] [SAERE_LOG] [EVOLUTION_PROPOSAL] 
## Evolution Proposal [2026-04-28T20:52:40.915Z]
**Trigger:** 5 failures on category: "worker_fatal"
**Proposal:** {}
---

SOURCE: console:?:?
STACK:
N/A
----------------------------------
[2026-04-28T20:52:41.133Z] [LOG] [SAERE_LOG] [EVOLUTION_PROPOSAL] 
## Evolution Proposal [2026-04-28T20:52:40.915Z]
**Trigger:** 5 failures on category: "worker_fatal"
**Proposal:** {}
---

SOURCE: console:?:?
STACK:
N/A
----------------------------------
[2026-04-28T20:52:41.504Z] [LOG] [ModelManager] Queued models installed.
SOURCE: console:?:?
STACK:
N/A
----------------------------------
[2026-04-28T20:52:41.518Z] [LOG] [ModelManager] Queued models installed.
SOURCE: console:?:?
STACK:
N/A
----------------------------------
[2026-04-28T20:52:41.557Z] [LOG] [SAERE_LOG] [2026-04-28T20:52:41.387Z] [CIRCUIT_FAILURE] [HASH:667711c6] {"errorSignature":"SPAM_ERROR_9","count":1}
SOURCE: console:?:?
STACK:
N/A
----------------------------------
[2026-04-28T20:52:41.569Z] [LOG] [SAERE_LOG] [2026-04-28T20:52:41.387Z] [CIRCUIT_FAILURE] [HASH:667711c6] {"errorSignature":"SPAM_ERROR_9","count":1}
SOURCE: console:?:?
STACK:
N/A
----------------------------------
[2026-04-28T20:52:41.584Z] [LOG] [SAERE_LOG] [2026-04-28T20:52:41.415Z] [CIRCUIT_FAILURE] [HASH:d8ff5f90] {"errorSignature":"SPAM_ERROR_10","count":1}
SOURCE: console:?:?
STACK:
N/A
----------------------------------
[2026-04-28T20:52:41.598Z] [LOG] [SAERE_LOG] [2026-04-28T20:52:41.415Z] [CIRCUIT_FAILURE] [HASH:d8ff5f90] {"errorSignature":"SPAM_ERROR_10","count":1}
SOURCE: console:?:?
STACK:
N/A
----------------------------------
[2026-04-28T20:52:42.060Z] [LOG] [SAERE_LOG] [2026-04-28T20:52:41.920Z] [CIRCUIT_FAILURE] [HASH:4f6aaa87] {"errorSignature":"SPAM_ERROR_11","count":1}
SOURCE: console:?:?
STACK:
N/A
----------------------------------
[2026-04-28T20:52:42.116Z] [LOG] [SAERE_LOG] [2026-04-28T20:52:41.920Z] [CIRCUIT_FAILURE] [HASH:4f6aaa87] {"errorSignature":"SPAM_ERROR_11","count":1}
SOURCE: console:?:?
STACK:
N/A
----------------------------------
[2026-04-28T20:52:42.122Z] [LOG] THREE.WebGLRenderer: Context Lost.
SOURCE: console:?:?
STACK:
N/A
----------------------------------
[2026-04-28T20:52:42.124Z] [LOG] THREE.WebGLRenderer: Context Lost.
SOURCE: console:?:?
STACK:
N/A
----------------------------------
[2026-04-28T20:52:42.557Z] [LOG] [SAERE_LOG] [2026-04-28T20:52:42.441Z] [CIRCUIT_FAILURE] [HASH:12e264d0] {"errorSignature":"SPAM_ERROR_12","count":1}
SOURCE: console:?:?
STACK:
N/A
----------------------------------
[2026-04-28T20:52:42.569Z] [LOG] [SAERE_LOG] [2026-04-28T20:52:42.441Z] [CIRCUIT_FAILURE] [HASH:12e264d0] {"errorSignature":"SPAM_ERROR_12","count":1}
SOURCE: console:?:?
STACK:
N/A
----------------------------------
[2026-04-28T20:52:43.282Z] [LOG] [SAERE_LOG] [2026-04-28T20:52:42.975Z] [CIRCUIT_FAILURE] [HASH:d88e1b97] {"errorSignature":"SPAM_ERROR_13","count":1}
SOURCE: console:?:?
STACK:
N/A
----------------------------------
[2026-04-28T20:52:43.299Z] [LOG] [SAERE_LOG] [2026-04-28T20:52:42.975Z] [CIRCUIT_FAILURE] [HASH:d88e1b97] {"errorSignature":"SPAM_ERROR_13","count":1}
SOURCE: console:?:?
STACK:
N/A
----------------------------------
[2026-04-28T20:52:43.308Z] [LOG] [SAERE_LOG] [EVOLUTION_PROPOSAL] 
## Evolution Proposal [2026-04-28T20:52:42.993Z]
**Trigger:** 5 failures on category: "worker_fatal"
**Proposal:** {}
---

SOURCE: console:?:?
STACK:
N/A
----------------------------------
[2026-04-28T20:52:43.320Z] [LOG] [SAERE_LOG] [EVOLUTION_PROPOSAL] 
## Evolution Proposal [2026-04-28T20:52:42.993Z]
**Trigger:** 5 failures on category: "worker_fatal"
**Proposal:** {}
---

SOURCE: console:?:?
STACK:
N/A
----------------------------------
[2026-04-28T20:52:43.869Z] [LOG] [SAERE_LOG] [2026-04-28T20:52:43.499Z] [CIRCUIT_FAILURE] [HASH:e0d9197d] {"errorSignature":"SPAM_ERROR_14","count":1}
SOURCE: console:?:?
STACK:
N/A
----------------------------------
[2026-04-28T20:52:43.887Z] [LOG] [SAERE_LOG] [2026-04-28T20:52:43.499Z] [CIRCUIT_FAILURE] [HASH:e0d9197d] {"errorSignature":"SPAM_ERROR_14","count":1}
SOURCE: console:?:?
STACK:
N/A
----------------------------------
[2026-04-28T20:52:43.983Z] [WARN] THREE.THREE.Clock: This module has been deprecated. Please use THREE.Timer instead.
SOURCE: console:?:?
STACK:
N/A
----------------------------------
[2026-04-28T20:52:43.986Z] [WARN] THREE.THREE.Clock: This module has been deprecated. Please use THREE.Timer instead.
SOURCE: console:?:?
STACK:
N/A
----------------------------------
[2026-04-28T20:52:44.400Z] [LOG] [SAERE_LOG] [2026-04-28T20:52:44.019Z] [CIRCUIT_FAILURE] [HASH:31ccad7f] {"errorSignature":"SPAM_ERROR_15","count":1}
SOURCE: console:?:?
STACK:
N/A
----------------------------------
[2026-04-28T20:52:44.407Z] [LOG] [SAERE_LOG] [2026-04-28T20:52:44.019Z] [CIRCUIT_FAILURE] [HASH:31ccad7f] {"errorSignature":"SPAM_ERROR_15","count":1}
SOURCE: console:?:?
STACK:
N/A
----------------------------------
[2026-04-28T20:52:44.517Z] [LOG] [Blackboard] Loaded 11 entries from browser-idb
SOURCE: console:?:?
STACK:
N/A
----------------------------------
[2026-04-28T20:52:44.551Z] [LOG] [Blackboard] Loaded 11 entries from browser-idb
SOURCE: console:?:?
STACK:
N/A
----------------------------------
[2026-04-28T20:52:44.557Z] [LOG] [SwarmDIS] Digital Immune System AKTIF.
SOURCE: console:?:?
STACK:
N/A
----------------------------------
[2026-04-28T20:52:44.569Z] [LOG] [SwarmDIS] Digital Immune System AKTIF.
SOURCE: console:?:?
STACK:
N/A
----------------------------------
[2026-04-28T20:52:44.735Z] [LOG] [SAERE_LOG] [2026-04-28T20:52:44.549Z] [CIRCUIT_FAILURE] [HASH:52d5c0f2] {"errorSignature":"SPAM_ERROR_16","count":1}
SOURCE: console:?:?
STACK:
N/A
----------------------------------
[2026-04-28T20:52:44.740Z] [LOG] [SAERE_LOG] [2026-04-28T20:52:44.549Z] [CIRCUIT_FAILURE] [HASH:52d5c0f2] {"errorSignature":"SPAM_ERROR_16","count":1}
SOURCE: console:?:?
STACK:
N/A
----------------------------------
[2026-04-28T20:52:45.228Z] [LOG] [SAERE_LOG] [2026-04-28T20:52:45.084Z] [CIRCUIT_FAILURE] [HASH:c583e214] {"errorSignature":"SPAM_ERROR_17","count":1}
SOURCE: console:?:?
STACK:
N/A
----------------------------------
[2026-04-28T20:52:45.253Z] [LOG] [SAERE_LOG] [2026-04-28T20:52:45.084Z] [CIRCUIT_FAILURE] [HASH:c583e214] {"errorSignature":"SPAM_ERROR_17","count":1}
SOURCE: console:?:?
STACK:
N/A
----------------------------------
[2026-04-28T20:52:45.400Z] [LOG] [SwarmOrchestrator] Inisialisasi sistem...
SOURCE: console:?:?
STACK:
N/A
----------------------------------
[2026-04-28T20:52:45.404Z] [LOG] [SwarmOrchestrator] Inisialisasi sistem...
SOURCE: console:?:?
STACK:
N/A
----------------------------------
[2026-04-28T20:52:45.879Z] [ERROR] [SAERE_PROXY] Failed to write log to SAERE_EVOLUTION.md TypeError: Cannot read properties of undefined (reading 'length')
TypeError: Cannot read properties of undefined (reading 'length')
    at https://fictional-sniffle-xr4ppx4gx4whgxp-3000.app.github.dev/src/services/vfsService.ts:369:21
    at async VFSService.lock (https://fictional-sniffle-xr4ppx4gx4whgxp-3000.app.github.dev/src/services/vfsService.ts:177:14)
SOURCE: console:?:?
STACK:
N/A
----------------------------------
[2026-04-28T20:52:46.569Z] [LOG] [SAERE_LOG] [2026-04-28T20:52:45.624Z] [CIRCUIT_FAILURE] [HASH:919218fe] {"errorSignature":"SPAM_ERROR_18","count":1}
SOURCE: console:?:?
STACK:
N/A
----------------------------------
[2026-04-28T20:52:46.718Z] [LOG] [SAERE_LOG] [2026-04-28T20:52:45.624Z] [CIRCUIT_FAILURE] [HASH:919218fe] {"errorSignature":"SPAM_ERROR_18","count":1}
SOURCE: console:?:?
STACK:
N/A
----------------------------------
